train_matrix:
 [[2356    0    0    1    0    0]
 [ 282 1628    2    2   29   67]
 [ 158   54 1811    0    0    1]
 [  48   98    9 1498   57   92]
 [   0    7    0   37 2137    1]
 [  19  282   11   30   13 1605]]
test_matrix:
 [[588   0   0   1   0   0]
 [ 90 359   3   2  11  37]
 [ 44   1 459   0   0   2]
 [ 17  15   0 364  25  30]
 [  0   1   0   4 540   1]
 [ 12  36   6   4   2 430]]
train time is  1:35:05.119739
test time is  0:00:04.434657
acc: 0.8885
NAR: 0.0004
FNR: 0.0653
[751 412 468 375 578 500]
[589 502 506 451 546 490]
precision_1: 0.783
Recall_1: 0.998
F1_1: 0.878
precision_2: 0.871
Recall_2: 0.715
F1_2: 0.786
precision_3: 0.981
Recall_3: 0.907
F1_3: 0.943
precision_4: 0.971
Recall_4: 0.807
F1_4: 0.881
precision_5: 0.934
Recall_5: 0.989
F1_5: 0.961
进度 2200/12335 (17.8%)  已用 15.7 分钟  预计还需 72.2 分钟
  进度 2400/12335 (19.5%)  已用 17.1 分钟  预计还需 70.9 分钟
  进度 2600/12335 (21.1%)  已用 18.6 分钟  预计还需 69.8 分钟
  进度 2800/12335 (22.7%)  已用 20.1 分钟  预计还需 68.6 分钟
  进度 3000/12335 (24.3%)  已用 21.6 分钟  预计还需 67.3 分钟
  进度 3200/12335 (25.9%)  已用 23.2 分钟  预计还需 66.1 分钟
  进度 3400/12335 (27.6%)  已用 24.7 分钟  预计还需 64.8 分钟
  进度 3600/12335 (29.2%)  已用 26.2 分钟  预计还需 63.5 分钟
  进度 3800/12335 (30.8%)  已用 27.7 分钟  预计还需 62.2 分钟
  进度 4000/12335 (32.4%)  已用 29.2 分钟  预计还需 60.9 分钟
  进度 4200/12335 (34.0%)  已用 30.7 分钟  预计还需 59.5 分钟
  进度 4400/12335 (35.7%)  已用 32.2 分钟  预计还需 58.1 分钟
  进度 4600/12335 (37.3%)  已用 33.7 分钟  预计还需 56.7 分钟
  进度 4800/12335 (38.9%)  已用 35.3 分钟  预计还需 55.3 分钟
  进度 5000/12335 (40.5%)  已用 36.8 分钟  预计还需 53.9 分钟
  进度 5200/12335 (42.2%)  已用 38.3 分钟  预计还需 52.5 分钟
  进度 5400/12335 (43.8%)  已用 39.8 分钟  预计还需 51.1 分钟
  进度 5600/12335 (45.4%)  已用 41.3 分钟  预计还需 49.7 分钟
  进度 5800/12335 (47.0%)  已用 42.9 分钟  预计还需 48.3 分钟
  进度 6000/12335 (48.6%)  已用 44.5 分钟  预计还需 46.9 分钟
  进度 6200/12335 (50.3%)  已用 46.0 分钟  预计还需 45.6 分钟
  进度 6400/12335 (51.9%)  已用 47.6 分钟  预计还需 44.1 分钟
  进度 6600/12335 (53.5%)  已用 49.1 分钟  预计还需 42.7 分钟
  进度 6800/12335 (55.1%)  已用 50.7 分钟  预计还需 41.2 分钟
  进度 7000/12335 (56.7%)  已用 52.2 分钟  预计还需 39.8 分钟
  进度 7200/12335 (58.4%)  已用 53.8 分钟  预计还需 38.4 分钟
  进度 7400/12335 (60.0%)  已用 55.3 分钟  预计还需 36.9 分钟
  进度 7600/12335 (61.6%)  已用 56.9 分钟  预计还需 35.5 分钟
  进度 7800/12335 (63.2%)  已用 58.5 分钟  预计还需 34.0 分钟
  进度 8000/12335 (64.9%)  已用 60.0 分钟  预计还需 32.5 分钟
  进度 8200/12335 (66.5%)  已用 61.6 分钟  预计还需 31.0 分钟
  进度 8400/12335 (68.1%)  已用 63.1 分钟  预计还需 29.6 分钟
  进度 8600/12335 (69.7%)  已用 64.7 分钟  预计还需 28.1 分钟
  进度 8800/12335 (71.3%)  已用 66.2 分钟  预计还需 26.6 分钟
  进度 9000/12335 (73.0%)  已用 67.8 分钟  预计还需 25.1 分钟
  进度 9200/12335 (74.6%)  已用 69.3 分钟  预计还需 23.6 分钟
  进度 9400/12335 (76.2%)  已用 70.9 分钟  预计还需 22.1 分钟
  进度 9600/12335 (77.8%)  已用 72.4 分钟  预计还需 20.6 分钟
  进度 9800/12335 (79.4%)  已用 74.0 分钟  预计还需 19.1 分钟
  进度 10000/12335 (81.1%)  已用 75.6 分钟  预计还需 17.6 分钟
  进度 10200/12335 (82.7%)  已用 77.1 分钟  预计还需 16.1 分钟
  进度 10400/12335 (84.3%)  已用 78.6 分钟  预计还需 14.6 分钟
  进度 10600/12335 (85.9%)  已用 80.2 分钟  预计还需 13.1 分钟
  进度 10800/12335 (87.6%)  已用 81.7 分钟  预计还需 11.6 分钟
  进度 11000/12335 (89.2%)  已用 83.3 分钟  预计还需 10.1 分钟
  进度 11200/12335 (90.8%)  已用 84.8 分钟  预计还需 8.6 分钟
  进度 11400/12335 (92.4%)  已用 86.4 分钟  预计还需 7.1 分钟
  进度 11600/12335 (94.0%)  已用 87.9 分钟  预计还需 5.6 分钟
  进度 11800/12335 (95.7%)  已用 89.5 分钟  预计还需 4.1 分钟
  进度 12000/12335 (97.3%)  已用 91.0 分钟  预计还需 2.5 分钟
  进度 12200/12335 (98.9%)  已用 92.6 分钟  预计还需 1.0 分钟
  进度 12335/12335 (100.0%)  已用 93.7 分钟  预计还需 0.0 分钟
特征提取完成，总耗时 93.7 分钟

开始特征提取，共 3084 个样本（每 200 个报一次进度）
  进度 200/3084 (6.5%)  已用 1.5 分钟  预计还需 22.3 分钟
  进度 400/3084 (13.0%)  已用 3.1 分钟  预计还需 20.8 分钟
  进度 600/3084 (19.5%)  已用 4.7 分钟  预计还需 19.4 分钟
  进度 800/3084 (25.9%)  已用 6.2 分钟  预计还需 17.8 分钟
  进度 1000/3084 (32.4%)  已用 7.8 分钟  预计还需 16.2 分钟
  进度 1200/3084 (38.9%)  已用 9.3 分钟  预计还需 14.6 分钟
  进度 1400/3084 (45.4%)  已用 10.9 分钟  预计还需 13.1 分钟
  进度 1600/3084 (51.9%)  已用 12.5 分钟  预计还需 11.6 分钟
  进度 1800/3084 (58.4%)  已用 14.0 分钟  预计还需 10.0 分钟
  进度 2000/3084 (64.9%)  已用 15.6 分钟  预计还需 8.4 分钟
  进度 2200/3084 (71.3%)  已用 17.2 分钟  预计还需 6.9 分钟
  进度 2400/3084 (77.8%)  已用 18.7 分钟  预计还需 5.3 分钟
  进度 2600/3084 (84.3%)  已用 20.3 分钟  预计还需 3.8 分钟
  进度 2800/3084 (90.8%)  已用 21.8 分钟  预计还需 2.2 分钟
  进度 3000/3084 (97.3%)  已用 23.4 分钟  预计还需 0.7 分钟
  进度 3084/3084 (100.0%)  已用 24.0 分钟  预计还需 0.0 分钟
特征提取完成，总耗时 24.0 分钟

train_matrix:
 [[2356    0    0    1    0    0]
 [ 282 1628    2    2   29   67]
 [ 158   54 1811    0    0    1]
 [  48   98    9 1498   57   92]
 [   0    7    0   37 2137    1]
 [  19  282   11   30   13 1605]]
test_matrix:
 [[588   0   0   1   0   0]
 [ 90 359   3   2  11  37]
 [ 44   1 459   0   0   2]
 [ 17  15   0 364  25  30]
 [  0   1   0   4 540   1]
 [ 12  36   6   4   2 430]]
train time is  1:57:52.794074
test time is  0:00:06.020200
acc: 0.8885
NAR: 0.0004
FNR: 0.0653
[751 412 468 375 578 500]
[589 502 506 451 546 490]
precision_1: 0.783
Recall_1: 0.998
F1_1: 0.878
precision_2: 0.871
Recall_2: 0.715
F1_2: 0.786
precision_3: 0.981
Recall_3: 0.907
F1_3: 0.943
precision_4: 0.971
Recall_4: 0.807
F1_4: 0.881
precision_5: 0.934
Recall_5: 0.989
F1_5: 0.961
