种子 = 2   设备 = cuda   计划 epochs = 50
Epoch  0/49  acc = 0.2390   (47.1 秒)
Epoch  1/49  acc = 0.3570   (42.4 秒)
Epoch  2/49  acc = 0.5749   (42.2 秒)
Epoch  3/49  acc = 0.6680   (41.6 秒)
Epoch  4/49  acc = 0.7046   (42.1 秒)
Epoch  5/49  acc = 0.6997   (41.9 秒)
Epoch  6/49  acc = 0.7387   (41.2 秒)
Epoch  7/49  acc = 0.7575   (42.2 秒)
Epoch  8/49  acc = 0.7429   (41.6 秒)
Epoch  9/49  acc = 0.7805   (41.9 秒)
Epoch 10/49  acc = 0.7935   (42.0 秒)
Epoch 11/49  acc = 0.8084   (42.1 秒)
Epoch 12/49  acc = 0.8071   (41.8 秒)
Epoch 13/49  acc = 0.8385   (41.6 秒)
Epoch 14/49  acc = 0.8444   (41.3 秒)
Epoch 15/49  acc = 0.8470   (42.0 秒)
Epoch 16/49  acc = 0.8538   (41.6 秒)
Epoch 17/49  acc = 0.8080   (41.7 秒)
Epoch 18/49  acc = 0.8602   (43.0 秒)
Epoch 19/49  acc = 0.8554   (52.4 秒)
Epoch 20/49  acc = 0.8667   (54.1 秒)
Epoch 21/49  acc = 0.8852   (55.4 秒)
Epoch 22/49  acc = 0.8816   (53.8 秒)
Epoch 23/49  acc = 0.8865   (53.1 秒)
Epoch 24/49  acc = 0.8842   (54.2 秒)
Epoch 25/49  acc = 0.8512   (53.0 秒)
Epoch 26/49  acc = 0.8862   (53.2 秒)
Epoch 27/49  acc = 0.8943   (53.3 秒)
Epoch 28/49  acc = 0.8920   (53.0 秒)
Epoch 29/49  acc = 0.8875   (53.2 秒)
Epoch 30/49  acc = 0.8969   (53.4 秒)
Epoch 31/49  acc = 0.8995   (51.4 秒)
Epoch 32/49  acc = 0.9089   (43.1 秒)
Epoch 33/49  acc = 0.9144   (42.4 秒)
Epoch 34/49  acc = 0.9099   (42.5 秒)
Epoch 35/49  acc = 0.9056   (42.0 秒)
Epoch 36/49  acc = 0.9128   (41.7 秒)
Epoch 37/49  acc = 0.9183   (44.1 秒)
Epoch 38/49  acc = 0.9199   (42.2 秒)
Epoch 39/49  acc = 0.9267   (41.7 秒)
Epoch 40/49  acc = 0.9180   (42.6 秒)
Epoch 41/49  acc = 0.8804   (42.5 秒)
Epoch 42/49  acc = 0.9244   (41.4 秒)
Epoch 43/49  acc = 0.9342   (42.1 秒)
Epoch 44/49  acc = 0.9219   (42.7 秒)
Epoch 45/49  acc = 0.9316   (42.3 秒)
Epoch 46/49  acc = 0.9326   (42.5 秒)
Epoch 47/49  acc = 0.9283   (42.3 秒)
Epoch 48/49  acc = 0.9244   (42.4 秒)
Epoch 49/49  acc = 0.9232   (42.3 秒)

RESULT seed=2  acc_final=0.9232  acc_best=0.9342  macroF1=0.9219  acc_overall=0.9232  time=2257.6
MATRIX
579,0,2,2,0,6
21,450,11,1,0,19
14,12,467,4,0,9
1,12,1,412,8,17
0,7,0,26,493,20
12,11,10,6,5,446
