种子 = 3   设备 = cuda   计划 epochs = 50
Epoch  0/49  acc = 0.4309   (42.4 秒)
Epoch  1/49  acc = 0.5947   (43.2 秒)
Epoch  2/49  acc = 0.6845   (49.1 秒)
Epoch  3/49  acc = 0.7393   (42.9 秒)
Epoch  4/49  acc = 0.7727   (43.0 秒)
Epoch  5/49  acc = 0.7954   (42.6 秒)
Epoch  6/49  acc = 0.8029   (42.5 秒)
Epoch  7/49  acc = 0.8181   (42.9 秒)
Epoch  8/49  acc = 0.8149   (42.5 秒)
Epoch  9/49  acc = 0.8408   (42.7 秒)
Epoch 10/49  acc = 0.8508   (42.9 秒)
Epoch 11/49  acc = 0.8395   (42.6 秒)
Epoch 12/49  acc = 0.8570   (42.1 秒)
Epoch 13/49  acc = 0.8700   (42.4 秒)
Epoch 14/49  acc = 0.8722   (41.7 秒)
Epoch 15/49  acc = 0.8658   (42.9 秒)
Epoch 16/49  acc = 0.8372   (42.0 秒)
Epoch 17/49  acc = 0.8797   (41.3 秒)
Epoch 18/49  acc = 0.8787   (41.3 秒)
Epoch 19/49  acc = 0.8940   (42.4 秒)
Epoch 20/49  acc = 0.8956   (40.2 秒)
Epoch 21/49  acc = 0.8755   (42.4 秒)
Epoch 22/49  acc = 0.9053   (42.8 秒)
Epoch 23/49  acc = 0.9066   (42.9 秒)
Epoch 24/49  acc = 0.9147   (43.1 秒)
Epoch 25/49  acc = 0.9040   (42.3 秒)
Epoch 26/49  acc = 0.9105   (43.4 秒)
Epoch 27/49  acc = 0.9163   (43.1 秒)
Epoch 28/49  acc = 0.8998   (42.2 秒)
Epoch 29/49  acc = 0.9186   (42.5 秒)
Epoch 30/49  acc = 0.9186   (42.6 秒)
Epoch 31/49  acc = 0.9199   (41.6 秒)
Epoch 32/49  acc = 0.9254   (42.7 秒)
Epoch 33/49  acc = 0.8940   (42.7 秒)
Epoch 34/49  acc = 0.9027   (42.5 秒)
Epoch 35/49  acc = 0.9241   (42.6 秒)
Epoch 36/49  acc = 0.9313   (42.6 秒)
Epoch 37/49  acc = 0.9199   (42.7 秒)
Epoch 38/49  acc = 0.9222   (42.5 秒)
Epoch 39/49  acc = 0.9037   (42.2 秒)
Epoch 40/49  acc = 0.9244   (41.6 秒)
Epoch 41/49  acc = 0.9339   (41.7 秒)
Epoch 42/49  acc = 0.9319   (41.8 秒)
Epoch 43/49  acc = 0.9326   (41.8 秒)
Epoch 44/49  acc = 0.9326   (41.8 秒)
Epoch 45/49  acc = 0.9303   (41.8 秒)
Epoch 46/49  acc = 0.9274   (42.7 秒)
Epoch 47/49  acc = 0.9335   (41.7 秒)
Epoch 48/49  acc = 0.9358   (41.7 秒)
Epoch 49/49  acc = 0.9342   (42.4 秒)

RESULT seed=3  acc_final=0.9342  acc_best=0.9358  macroF1=0.9324  acc_overall=0.9342  time=2124.0
MATRIX
579,2,5,1,0,2
8,458,9,9,1,17
9,6,474,4,0,13
3,4,6,416,16,6
0,4,0,13,521,8
9,17,19,4,8,433
