种子 = 1   设备 = cuda   计划 epochs = 50
Epoch  0/49  acc = 0.3288   (90.4 秒)
Epoch  1/49  acc = 0.5619   (49.5 秒)
Epoch  2/49  acc = 0.7007   (45.7 秒)
Epoch  3/49  acc = 0.7688   (61.8 秒)
Epoch  4/49  acc = 0.8012   (57.9 秒)
Epoch  5/49  acc = 0.8249   (55.8 秒)
Epoch  6/49  acc = 0.8191   (56.3 秒)
Epoch  7/49  acc = 0.8512   (55.9 秒)
Epoch  8/49  acc = 0.8457   (55.6 秒)
Epoch  9/49  acc = 0.8431   (55.4 秒)
Epoch 10/49  acc = 0.8508   (51.4 秒)
Epoch 11/49  acc = 0.8580   (55.2 秒)
Epoch 12/49  acc = 0.8713   (55.9 秒)
Epoch 13/49  acc = 0.8722   (50.8 秒)
Epoch 14/49  acc = 0.8904   (44.0 秒)
Epoch 15/49  acc = 0.8752   (44.3 秒)
Epoch 16/49  acc = 0.8898   (43.6 秒)
Epoch 17/49  acc = 0.8628   (43.6 秒)
Epoch 18/49  acc = 0.8962   (50.6 秒)
Epoch 19/49  acc = 0.8972   (50.5 秒)
Epoch 20/49  acc = 0.8949   (49.0 秒)
Epoch 21/49  acc = 0.8927   (49.8 秒)
Epoch 22/49  acc = 0.9005   (49.4 秒)
Epoch 23/49  acc = 0.9089   (47.6 秒)
Epoch 24/49  acc = 0.9034   (48.9 秒)
Epoch 25/49  acc = 0.9001   (48.6 秒)
Epoch 26/49  acc = 0.9089   (48.5 秒)
Epoch 27/49  acc = 0.9024   (49.5 秒)
Epoch 28/49  acc = 0.8820   (47.7 秒)
Epoch 29/49  acc = 0.9173   (45.3 秒)
Epoch 30/49  acc = 0.9222   (42.6 秒)
Epoch 31/49  acc = 0.8823   (42.5 秒)
Epoch 32/49  acc = 0.9160   (42.7 秒)
Epoch 33/49  acc = 0.9131   (42.7 秒)
Epoch 34/49  acc = 0.8923   (42.7 秒)
Epoch 35/49  acc = 0.9202   (42.6 秒)
Epoch 36/49  acc = 0.9235   (42.7 秒)
Epoch 37/49  acc = 0.9082   (42.4 秒)
Epoch 38/49  acc = 0.9274   (41.3 秒)
Epoch 39/49  acc = 0.9160   (42.6 秒)
Epoch 40/49  acc = 0.9128   (42.4 秒)
Epoch 41/49  acc = 0.9199   (41.3 秒)
Epoch 42/49  acc = 0.9160   (41.1 秒)
Epoch 43/49  acc = 0.9173   (41.0 秒)
Epoch 44/49  acc = 0.9167   (40.9 秒)
Epoch 45/49  acc = 0.9099   (41.9 秒)
Epoch 46/49  acc = 0.9322   (41.2 秒)
Epoch 47/49  acc = 0.9241   (41.1 秒)
Epoch 48/49  acc = 0.9277   (41.2 秒)
Epoch 49/49  acc = 0.9274   (41.6 秒)

RESULT seed=1  acc_final=0.9274  acc_best=0.9322  macroF1=0.9253  acc_overall=0.9274  time=2396.6
MATRIX
580,3,3,2,0,1
9,464,8,5,1,15
20,9,458,10,1,8
1,0,8,432,6,4
0,2,0,23,512,9
9,15,23,22,7,414
